// Jest Snapshot v1, https://goo.gl/fbAQLP

exports[`clubs snapshot test 1`] = `
<div
  className="d-flex justify-content-center"
>
  Loading...
</div>
`;
